Archive member included to satisfy reference by file (symbol)

build/lib/boards/edu-ciaa-nxp.a(armv7m_startup.o)
                              (Reset_Handler)
build/lib/boards/edu-ciaa-nxp.a(sysinit.o)
                              build/lib/boards/edu-ciaa-nxp.a(armv7m_startup.o) (SystemInit)
build/lib/boards/edu-ciaa-nxp.a(board_lpcopen.o)
                              build/lib/boards/edu-ciaa-nxp.a(sysinit.o) (Board_Init)
build/lib/boards/edu-ciaa-nxp.a(board_sysinit.o)
                              build/lib/boards/edu-ciaa-nxp.a(sysinit.o) (Board_SystemInit)
build/lib/boards/edu-ciaa-nxp.a(adc_18xx_43xx.o)
                              build/lib/boards/edu-ciaa-nxp.a(board_lpcopen.o) (Chip_ADC_Init)
build/lib/boards/edu-ciaa-nxp.a(chip_18xx_43xx.o)
                              build/lib/boards/edu-ciaa-nxp.a(board_sysinit.o) (SystemCoreClockUpdate)
build/lib/boards/edu-ciaa-nxp.a(clock_18xx_43xx.o)
                              build/lib/boards/edu-ciaa-nxp.a(chip_18xx_43xx.o) (Chip_Clock_GetClockInputHz)
build/lib/boards/edu-ciaa-nxp.a(gpio_18xx_43xx.o)
                              build/lib/boards/edu-ciaa-nxp.a(board_lpcopen.o) (Chip_GPIO_Init)
build/lib/boards/edu-ciaa-nxp.a(i2c_18xx_43xx.o)
                              build/lib/boards/edu-ciaa-nxp.a(board_lpcopen.o) (Chip_I2C_Init)
build/lib/boards/edu-ciaa-nxp.a(ssp_18xx_43xx.o)
                              build/lib/boards/edu-ciaa-nxp.a(board_lpcopen.o) (Chip_SSP_SetBitRate)
build/lib/boards/edu-ciaa-nxp.a(sysinit_18xx_43xx.o)
                              build/lib/boards/edu-ciaa-nxp.a(board_sysinit.o) (Chip_SetupCoreClock)
build/lib/boards/edu-ciaa-nxp.a(uart_18xx_43xx.o)
                              build/lib/boards/edu-ciaa-nxp.a(board_lpcopen.o) (Chip_UART_Init)
build/lib/boards/edu-ciaa-nxp.a(ring_buffer.o)
                              build/lib/boards/edu-ciaa-nxp.a(uart_18xx_43xx.o) (RingBuffer_Insert)
/home/pablo/eiti/2022/embebidos/gcc/gcc-arm/bin/../lib/gcc/arm-none-eabi/10.3.1/thumb/v7e-m+fp/softfp/libgcc.a(_aeabi_uldivmod.o)
                              build/lib/boards/edu-ciaa-nxp.a(uart_18xx_43xx.o) (__aeabi_uldivmod)
/home/pablo/eiti/2022/embebidos/gcc/gcc-arm/bin/../lib/gcc/arm-none-eabi/10.3.1/thumb/v7e-m+fp/softfp/libgcc.a(_udivmoddi4.o)
                              /home/pablo/eiti/2022/embebidos/gcc/gcc-arm/bin/../lib/gcc/arm-none-eabi/10.3.1/thumb/v7e-m+fp/softfp/libgcc.a(_aeabi_uldivmod.o) (__udivmoddi4)
/home/pablo/eiti/2022/embebidos/gcc/gcc-arm/bin/../lib/gcc/arm-none-eabi/10.3.1/thumb/v7e-m+fp/softfp/libgcc.a(_dvmd_tls.o)
                              /home/pablo/eiti/2022/embebidos/gcc/gcc-arm/bin/../lib/gcc/arm-none-eabi/10.3.1/thumb/v7e-m+fp/softfp/libgcc.a(_aeabi_uldivmod.o) (__aeabi_ldiv0)
/home/pablo/eiti/2022/embebidos/gcc/gcc-arm/bin/../lib/gcc/arm-none-eabi/10.3.1/../../../../arm-none-eabi/lib/thumb/v7e-m+fp/softfp/libc_nano.a(lib_a-init.o)
                              build/lib/boards/edu-ciaa-nxp.a(armv7m_startup.o) (__libc_init_array)
/home/pablo/eiti/2022/embebidos/gcc/gcc-arm/bin/../lib/gcc/arm-none-eabi/10.3.1/../../../../arm-none-eabi/lib/thumb/v7e-m+fp/softfp/libc_nano.a(lib_a-memcpy-stub.o)
                              build/lib/boards/edu-ciaa-nxp.a(ring_buffer.o) (memcpy)
/home/pablo/eiti/2022/embebidos/gcc/gcc-arm/bin/../lib/gcc/arm-none-eabi/10.3.1/../../../../arm-none-eabi/lib/thumb/v7e-m+fp/softfp/libc_nano.a(lib_a-memset.o)
                              build/lib/boards/edu-ciaa-nxp.a(clock_18xx_43xx.o) (memset)

Allocating common symbols
Common symbol       size              file

SystemCoreClock     0x4               build/lib/boards/edu-ciaa-nxp.a(chip_18xx_43xx.o)

Discarded input sections

 .group         0x0000000000000000        0xc build/obj/src/digital.o
 .group         0x0000000000000000        0xc build/obj/src/digital.o
 .group         0x0000000000000000        0xc build/obj/src/digital.o
 .group         0x0000000000000000        0xc build/obj/src/digital.o
 .group         0x0000000000000000        0xc build/obj/src/digital.o
 .group         0x0000000000000000        0xc build/obj/src/digital.o
 .group         0x0000000000000000        0xc build/obj/src/digital.o
 .group         0x0000000000000000        0xc build/obj/src/digital.o
 .group         0x0000000000000000        0xc build/obj/src/digital.o
 .group         0x0000000000000000        0xc build/obj/src/digital.o
 .group         0x0000000000000000        0xc build/obj/src/digital.o
 .group         0x0000000000000000        0xc build/obj/src/digital.o
 .group         0x0000000000000000        0xc build/obj/src/digital.o
 .group         0x0000000000000000        0xc build/obj/src/digital.o
 .group         0x0000000000000000        0xc build/obj/src/digital.o
 .group         0x0000000000000000        0xc build/obj/src/digital.o
 .group         0x0000000000000000        0xc build/obj/src/digital.o
 .group         0x0000000000000000        0xc build/obj/src/digital.o
[...]
Memory Configuration

Name             Origin             Length             Attributes
MFlashA512       0x000000001a000000 0x0000000000080000 xr
MFlashB512       0x000000001b000000 0x0000000000080000 xr
RamLoc32         0x0000000010000000 0x0000000000008000 xrw
RamLoc40         0x0000000010080000 0x000000000000a000 xrw
RamAHB32         0x0000000020000000 0x0000000000008000 xrw
RamAHB16         0x0000000020008000 0x0000000000004000 xrw
RamAHB_ETB16     0x000000002000c000 0x0000000000004000 xrw
*default*        0x0000000000000000 0xffffffffffffffff

Linker script and memory map

LOAD build/obj/src/digital.o
LOAD build/obj/src/main.o
LOAD build/lib/boards/edu-ciaa-nxp.a
START GROUP
LOAD /home/pablo/eiti/2022/embebidos/gcc/gcc-arm/bin/../lib/gcc/arm-none-eabi/10.3.1/thumb/v7e-m+fp/softfp/libgcc.a
LOAD /home/pablo/eiti/2022/embebidos/gcc/gcc-arm/bin/../lib/gcc/arm-none-eabi/10.3.1/../../../../arm-none-eabi/lib/thumb/v7e-m+fp/softfp/libc_nano.a
END GROUP
START GROUP
LOAD /home/pablo/eiti/2022/embebidos/gcc/gcc-arm/bin/../lib/gcc/arm-none-eabi/10.3.1/thumb/v7e-m+fp/softfp/libgcc.a
LOAD /home/pablo/eiti/2022/embebidos/gcc/gcc-arm/bin/../lib/gcc/arm-none-eabi/10.3.1/../../../../arm-none-eabi/lib/thumb/v7e-m+fp/softfp/libc_nano.a
LOAD /home/pablo/eiti/2022/embebidos/gcc/gcc-arm/bin/../lib/gcc/arm-none-eabi/10.3.1/../../../../arm-none-eabi/lib/thumb/v7e-m+fp/softfp/libnosys.a
END GROUP
START GROUP
LOAD /home/pablo/eiti/2022/embebidos/gcc/gcc-arm/bin/../lib/gcc/arm-none-eabi/10.3.1/thumb/v7e-m+fp/softfp/libgcc.a
LOAD /home/pablo/eiti/2022/embebidos/gcc/gcc-arm/bin/../lib/gcc/arm-none-eabi/10.3.1/../../../../arm-none-eabi/lib/thumb/v7e-m+fp/softfp/libc_nano.a
LOAD /home/pablo/eiti/2022/embebidos/gcc/gcc-arm/bin/../lib/gcc/arm-none-eabi/10.3.1/../../../../arm-none-eabi/lib/thumb/v7e-m+fp/softfp/libnosys.a
END GROUP
                0x000000001a080000                __top_MFlashA512 = 0x1a080000
                0x000000001b080000                __top_MFlashB512 = 0x1b080000
                0x0000000010008000                __top_RamLoc32 = 0x10008000
                0x000000001008a000                __top_RamLoc40 = 0x1008a000
                0x0000000020008000                __top_RamAHB32 = 0x20008000
                0x000000002000c000                __top_RamAHB16 = 0x2000c000
                0x0000000020010000                __top_RamAHB_ETB16 = 0x20010000
START GROUP
LOAD /home/pablo/eiti/2022/embebidos/gcc/gcc-arm/bin/../lib/gcc/arm-none-eabi/10.3.1/thumb/v7e-m+fp/softfp/libgcc.a
LOAD /home/pablo/eiti/2022/embebidos/gcc/gcc-arm/bin/../lib/gcc/arm-none-eabi/10.3.1/../../../../arm-none-eabi/lib/thumb/v7e-m+fp/softfp/libc.a
LOAD /home/pablo/eiti/2022/embebidos/gcc/gcc-arm/bin/../lib/gcc/arm-none-eabi/10.3.1/../../../../arm-none-eabi/lib/thumb/v7e-m+fp/softfp/libm.a
END GROUP

.text_Flash2    0x000000001b000000        0x0
 FILL mask 0xff
 *(.text_Flash2*)
 *(.text_MFlashB512*)
 *(.text.$Flash2*)
 *(.text.$MFlashB512*)
 *(.rodata.$Flash2*)
 *(.rodata.$MFlashB512*)

.text           0x000000001a000000      0x156
 FILL mask 0xff
                0x000000001a000000                __vectors_start__ = ABSOLUTE (.)
 *(.isr_vector)
 .isr_vector    0x000000001a000000       0x40 build/lib/boards/edu-ciaa-nxp.a(armv7m_startup.o)
                0x000000001a000000                g_pfnVectors
 *(.isr_vendor_vector)
                0x000000001a000040                . = ALIGN (0x4)
                0x000000001a000040                __section_table_start = .
                0x000000001a000040                __data_section_table = .
                0x000000001a000040        0x4 LONG 0x1a0025c8 LOADADDR (.data)
                0x000000001a000044        0x4 LONG 0x10000000 ADDR (.data)
                0x000000001a000048        0x4 LONG 0x38 SIZEOF (.data)
                0x000000001a00004c        0x4 LONG 0x1a0025c8 LOADADDR (.data_RAM2)
                0x000000001a000050        0x4 LONG 0x10080000 ADDR (.data_RAM2)
                0x000000001a000054        0x4 LONG 0x0 SIZEOF (.data_RAM2)
                0x000000001a000058        0x4 LONG 0x1a0025c8 LOADADDR (.data_RAM3)
                0x000000001a00005c        0x4 LONG 0x20000000 ADDR (.data_RAM3)
                0x000000001a000060        0x4 LONG 0x0 SIZEOF (.data_RAM3)
                0x000000001a000064        0x4 LONG 0x1a0025c8 LOADADDR (.data_RAM4)
                0x000000001a000068        0x4 LONG 0x20008000 ADDR (.data_RAM4)
                0x000000001a00006c        0x4 LONG 0x0 SIZEOF (.data_RAM4)
                0x000000001a000070        0x4 LONG 0x1a0025c8 LOADADDR (.data_RAM5)
                0x000000001a000074        0x4 LONG 0x2000c000 ADDR (.data_RAM5)
                0x000000001a000078        0x4 LONG 0x0 SIZEOF (.data_RAM5)
                0x000000001a00007c                __data_section_table_end = .
                0x000000001a00007c                __bss_section_table = .
                0x000000001a00007c        0x4 LONG 0x10000038 ADDR (.bss)
                0x000000001a000080        0x4 LONG 0x18 SIZEOF (.bss)
                0x000000001a000084        0x4 LONG 0x10080000 ADDR (.bss_RAM2)
                0x000000001a000088        0x4 LONG 0x0 SIZEOF (.bss_RAM2)
                0x000000001a00008c        0x4 LONG 0x20000000 ADDR (.bss_RAM3)
                0x000000001a000090        0x4 LONG 0x0 SIZEOF (.bss_RAM3)
                0x000000001a000094        0x4 LONG 0x20008000 ADDR (.bss_RAM4)
                0x000000001a000098        0x4 LONG 0x0 SIZEOF (.bss_RAM4)
                0x000000001a00009c        0x4 LONG 0x2000c000 ADDR (.bss_RAM5)
                0x000000001a0000a0        0x4 LONG 0x0 SIZEOF (.bss_RAM5)
                0x000000001a0000a4                __bss_section_table_end = .
                0x000000001a0000a4                __section_table_end = .
 *(.after_vectors*)
 .after_vectors
                0x000000001a0000a4       0xb2 build/lib/boards/edu-ciaa-nxp.a(armv7m_startup.o)
                0x000000001a0000a4                data_init
                0x000000001a0000e8                bss_init
                0x000000001a000120                NMI_Handler
                0x000000001a000126                HardFault_Handler
                0x000000001a00012c                MemManage_Handler
                0x000000001a000132                BusFault_Handler
                0x000000001a000138                UsageFault_Handler
                0x000000001a00013e                SVC_Handler
                0x000000001a000144                DebugMon_Handler
                0x000000001a00014a                PendSV_Handler
                0x000000001a000150                SysTick_Handler

.glue_7         0x000000001a000158        0x0
 .glue_7        0x000000001a000158        0x0 linker stubs

.glue_7t        0x000000001a000158        0x0
 .glue_7t       0x000000001a000158        0x0 linker stubs

.vfp11_veneer   0x000000001a000158        0x0
 .vfp11_veneer  0x000000001a000158        0x0 linker stubs

.v4_bx          0x000000001a000158        0x0
 .v4_bx         0x000000001a000158        0x0 linker stubs

.iplt           0x000000001a000158        0x0
 .iplt          0x000000001a000158        0x0 build/obj/src/digital.o
                0x000000001a000158                . = ALIGN (0x4)

.preinit_array  0x000000001a000156        0x0
                0x000000001a000156                PROVIDE (__preinit_array_start = .)
 *(.preinit_array*)
                0x000000001a000156                PROVIDE (__preinit_array_end = .)

.init_array     0x000000001a000156        0x0
                0x000000001a000156                PROVIDE (__init_array_start = .)
 *(SORT_BY_NAME(.init_array.*))
 *(.init_array*)
                0x000000001a000156                PROVIDE (__init_array_end = .)
                0x000000001a000158                . = ALIGN (0x4)

.text           0x000000001a000158     0x2468
 *(.text*)
 .text.Chip_GPIO_SetPinState
                0x000000001a000158       0x38 build/obj/src/digital.o
 .text.Chip_GPIO_SetPinDIROutput
                0x000000001a000190       0x3e build/obj/src/digital.o
 .text.Chip_GPIO_SetPinDIRInput
                0x000000001a0001ce       0x40 build/obj/src/digital.o
 .text.Chip_GPIO_SetPinDIR
                0x000000001a00020e       0x42 build/obj/src/digital.o
 .text.Chip_GPIO_SetPinToggle
                0x000000001a000250       0x32 build/obj/src/digital.o
 *fill*         0x000000001a000282        0x2 
 .text.DigitalOutputAllocate
                0x000000001a000284       0x6c build/obj/src/digital.o
                0x000000001a000284                DigitalOutputAllocate
 .text.DigitalOutputCreate
                0x000000001a0002f0       0x58 build/obj/src/digital.o
                0x000000001a0002f0                DigitalOutputCreate
 .text.DigitalOutputActivate
                0x000000001a000348       0x24 build/obj/src/digital.o
                0x000000001a000348                DigitalOutputActivate
 .text.DigitalOutputDeactivate
                0x000000001a00036c       0x24 build/obj/src/digital.o
                0x000000001a00036c                DigitalOutputDeactivate
 .text.DigitalOutputToggle
                0x000000001a000390       0x24 build/obj/src/digital.o
                0x000000001a000390                DigitalOutputToggle
 .text.Chip_SCU_PinMuxSet
                0x000000001a0003b4       0x34 build/obj/src/main.o
 .text.Chip_GPIO_SetPinState
                0x000000001a0003e8       0x38 build/obj/src/main.o
 .text.Chip_GPIO_ReadPortBit
                0x000000001a000420       0x34 build/obj/src/main.o
 .text.Chip_GPIO_SetPinDIROutput
                0x000000001a000454       0x3e build/obj/src/main.o
 .text.Chip_GPIO_SetPinDIRInput
                0x000000001a000492       0x40 build/obj/src/main.o
 .text.Chip_GPIO_SetPinDIR
                0x000000001a0004d2       0x42 build/obj/src/main.o
 .text.main     0x000000001a000514      0x22c build/obj/src/main.o
                0x000000001a000514                main
 .text.initialise_monitor_handles
                0x000000001a000740        0xe build/lib/boards/edu-ciaa-nxp.a(armv7m_startup.o)
                0x000000001a000740                initialise_monitor_handles
 .text._fini    0x000000001a00074e        0xe build/lib/boards/edu-ciaa-nxp.a(armv7m_startup.o)
                0x000000001a00074e                _fini
 .text._init    0x000000001a00075c        0xe build/lib/boards/edu-ciaa-nxp.a(armv7m_startup.o)
                0x000000001a00075c                _init
 *fill*         0x000000001a00076a        0x2 
 .text.Reset_Handler
                0x000000001a00076c       0xcc build/lib/boards/edu-ciaa-nxp.a(armv7m_startup.o)
                0x000000001a00076c                Reset_Handler
 .text.SCB_GetFPUType
                0x000000001a000838       0x2c build/lib/boards/edu-ciaa-nxp.a(sysinit.o)
 .text.SystemInit
                0x000000001a000864       0x38 build/lib/boards/edu-ciaa-nxp.a(sysinit.o)
                0x000000001a000864                SystemInit
 .text.Chip_SCU_I2C0PinConfig
                0x000000001a00089c       0x20 build/lib/boards/edu-ciaa-nxp.a(board_lpcopen.o)
 .text.Chip_GPIO_SetPinState
                0x000000001a0008bc       0x38 build/lib/boards/edu-ciaa-nxp.a(board_lpcopen.o)
 .text.Chip_GPIO_SetPinDIROutput
                0x000000001a0008f4       0x3e build/lib/boards/edu-ciaa-nxp.a(board_lpcopen.o)
 .text.Chip_GPIO_SetPinDIRInput
                0x000000001a000932       0x40 build/lib/boards/edu-ciaa-nxp.a(board_lpcopen.o)
 .text.Chip_SSP_Enable
                0x000000001a000972       0x20 build/lib/boards/edu-ciaa-nxp.a(board_lpcopen.o)
 .text.Chip_SSP_SetFormat
                0x000000001a000992       0x32 build/lib/boards/edu-ciaa-nxp.a(board_lpcopen.o)
 .text.Chip_SSP_Set_Mode
                0x000000001a0009c4       0x26 build/lib/boards/edu-ciaa-nxp.a(board_lpcopen.o)
 .text.Chip_UART_TXEnable
                0x000000001a0009ea       0x1a build/lib/boards/edu-ciaa-nxp.a(board_lpcopen.o)
 .text.Chip_UART_ConfigData
                0x000000001a000a04       0x1c build/lib/boards/edu-ciaa-nxp.a(board_lpcopen.o)
 .text.Board_LED_Init
                0x000000001a000a20       0x54 build/lib/boards/edu-ciaa-nxp.a(board_lpcopen.o)
 .text.Board_TEC_Init
                0x000000001a000a74       0x44 build/lib/boards/edu-ciaa-nxp.a(board_lpcopen.o)
 .text.Board_GPIO_Init
                0x000000001a000ab8       0x44 build/lib/boards/edu-ciaa-nxp.a(board_lpcopen.o)
 .text.Board_I2C_Init
                0x000000001a000afc       0x24 build/lib/boards/edu-ciaa-nxp.a(board_lpcopen.o)
 .text.Board_SPI_Init
                0x000000001a000b20       0x38 build/lib/boards/edu-ciaa-nxp.a(board_lpcopen.o)
 .text.Board_ADC_Init
                0x000000001a000b58       0x38 build/lib/boards/edu-ciaa-nxp.a(board_lpcopen.o)
 .text.Board_Debug_Init
                0x000000001a000b90       0x2c build/lib/boards/edu-ciaa-nxp.a(board_lpcopen.o)
                0x000000001a000b90                Board_Debug_Init
 .text.Board_Init
                0x000000001a000bbc       0x30 build/lib/boards/edu-ciaa-nxp.a(board_lpcopen.o)
                0x000000001a000bbc                Board_Init
 .text.Chip_SCU_PinMuxSet
                0x000000001a000bec       0x34 build/lib/boards/edu-ciaa-nxp.a(board_sysinit.o)
 .text.Chip_SCU_SetPinMuxing
                0x000000001a000c20       0x4a build/lib/boards/edu-ciaa-nxp.a(board_sysinit.o)
 *fill*         0x000000001a000c6a        0x2 
 .text.Chip_CREG_SetFlashAcceleration
                0x000000001a000c6c       0x54 build/lib/boards/edu-ciaa-nxp.a(board_sysinit.o)
 .text.Board_SetupMuxing
                0x000000001a000cc0       0x14 build/lib/boards/edu-ciaa-nxp.a(board_sysinit.o)
                0x000000001a000cc0                Board_SetupMuxing
 .text.Board_SetupClocking
                0x000000001a000cd4       0x74 build/lib/boards/edu-ciaa-nxp.a(board_sysinit.o)
                0x000000001a000cd4                Board_SetupClocking
 .text.Board_SystemInit
                0x000000001a000d48       0x14 build/lib/boards/edu-ciaa-nxp.a(board_sysinit.o)
                0x000000001a000d48                Board_SystemInit
 .text.getFullConvClk
                0x000000001a000d5c       0x10 build/lib/boards/edu-ciaa-nxp.a(adc_18xx_43xx.o)
 .text.Chip_ADC_GetClockIndex
                0x000000001a000d6c       0x2c build/lib/boards/edu-ciaa-nxp.a(adc_18xx_43xx.o)
 .text.getClkDiv
                0x000000001a000d98       0x66 build/lib/boards/edu-ciaa-nxp.a(adc_18xx_43xx.o)
 *fill*         0x000000001a000dfe        0x2 
 .text.Chip_ADC_Init
                0x000000001a000e00       0x88 build/lib/boards/edu-ciaa-nxp.a(adc_18xx_43xx.o)
                0x000000001a000e00                Chip_ADC_Init
 .text.Chip_ADC_SetSampleRate
                0x000000001a000e88       0x64 build/lib/boards/edu-ciaa-nxp.a(adc_18xx_43xx.o)
                0x000000001a000e88                Chip_ADC_SetSampleRate
 .text.Chip_ADC_SetResolution
                0x000000001a000eec       0x2a build/lib/boards/edu-ciaa-nxp.a(adc_18xx_43xx.o)
                0x000000001a000eec                Chip_ADC_SetResolution
 *fill*         0x000000001a000f16        0x2 
 .text.SystemCoreClockUpdate
                0x000000001a000f18       0x18 build/lib/boards/edu-ciaa-nxp.a(chip_18xx_43xx.o)
                0x000000001a000f18                SystemCoreClockUpdate
 .text.ABS      0x000000001a000f30       0x22 build/lib/boards/edu-ciaa-nxp.a(clock_18xx_43xx.o)
 *fill*         0x000000001a000f52        0x2 
 .text.pll_calc_divs
                0x000000001a000f54      0x124 build/lib/boards/edu-ciaa-nxp.a(clock_18xx_43xx.o)
 .text.pll_get_frac
                0x000000001a001078      0x180 build/lib/boards/edu-ciaa-nxp.a(clock_18xx_43xx.o)
 .text.Chip_Clock_GetDivRate
                0x000000001a0011f8       0x40 build/lib/boards/edu-ciaa-nxp.a(clock_18xx_43xx.o)
 .text.Chip_Clock_FindBaseClock
                0x000000001a001238       0x90 build/lib/boards/edu-ciaa-nxp.a(clock_18xx_43xx.o)
 .text.Chip_Clock_EnableCrystal
                0x000000001a0012c8       0x70 build/lib/boards/edu-ciaa-nxp.a(clock_18xx_43xx.o)
                0x000000001a0012c8                Chip_Clock_EnableCrystal
 .text.Chip_Clock_CalcMainPLLValue
                0x000000001a001338       0xd8 build/lib/boards/edu-ciaa-nxp.a(clock_18xx_43xx.o)
                0x000000001a001338                Chip_Clock_CalcMainPLLValue
 .text.Chip_Clock_GetMainPLLHz
                0x000000001a001410       0xc0 build/lib/boards/edu-ciaa-nxp.a(clock_18xx_43xx.o)
                0x000000001a001410                Chip_Clock_GetMainPLLHz
 .text.Chip_Clock_GetDividerSource
                0x000000001a0014d0       0x40 build/lib/boards/edu-ciaa-nxp.a(clock_18xx_43xx.o)
                0x000000001a0014d0                Chip_Clock_GetDividerSource
 .text.Chip_Clock_GetDividerDivisor
                0x000000001a001510       0x38 build/lib/boards/edu-ciaa-nxp.a(clock_18xx_43xx.o)
                0x000000001a001510                Chip_Clock_GetDividerDivisor
 .text.Chip_Clock_GetClockInputHz
                0x000000001a001548      0x140 build/lib/boards/edu-ciaa-nxp.a(clock_18xx_43xx.o)
                0x000000001a001548                Chip_Clock_GetClockInputHz
 .text.Chip_Clock_GetBaseClocktHz
                0x000000001a001688       0x24 build/lib/boards/edu-ciaa-nxp.a(clock_18xx_43xx.o)
                0x000000001a001688                Chip_Clock_GetBaseClocktHz
 .text.Chip_Clock_SetBaseClock
                0x000000001a0016ac       0x9c build/lib/boards/edu-ciaa-nxp.a(clock_18xx_43xx.o)
                0x000000001a0016ac                Chip_Clock_SetBaseClock
 .text.Chip_Clock_GetBaseClock
                0x000000001a001748       0x4c build/lib/boards/edu-ciaa-nxp.a(clock_18xx_43xx.o)
                0x000000001a001748                Chip_Clock_GetBaseClock
 .text.Chip_Clock_EnableOpts
                0x000000001a001794       0x7c build/lib/boards/edu-ciaa-nxp.a(clock_18xx_43xx.o)
                0x000000001a001794                Chip_Clock_EnableOpts
 .text.Chip_Clock_Enable
                0x000000001a001810       0x60 build/lib/boards/edu-ciaa-nxp.a(clock_18xx_43xx.o)
                0x000000001a001810                Chip_Clock_Enable
 .text.Chip_Clock_GetRate
                0x000000001a001870       0x88 build/lib/boards/edu-ciaa-nxp.a(clock_18xx_43xx.o)
                0x000000001a001870                Chip_Clock_GetRate
 .text.Chip_GPIO_Init
                0x000000001a0018f8       0x14 build/lib/boards/edu-ciaa-nxp.a(gpio_18xx_43xx.o)
                0x000000001a0018f8                Chip_GPIO_Init
 .text.enableClk
                0x000000001a00190c       0x30 build/lib/boards/edu-ciaa-nxp.a(i2c_18xx_43xx.o)
 .text.getClkRate
                0x000000001a00193c       0x30 build/lib/boards/edu-ciaa-nxp.a(i2c_18xx_43xx.o)
 .text.Chip_I2C_EventHandler
                0x000000001a00196c       0x4c build/lib/boards/edu-ciaa-nxp.a(i2c_18xx_43xx.o)
                0x000000001a00196c                Chip_I2C_EventHandler
 .text.Chip_I2C_Init
                0x000000001a0019b8       0x34 build/lib/boards/edu-ciaa-nxp.a(i2c_18xx_43xx.o)
                0x000000001a0019b8                Chip_I2C_Init
 .text.Chip_I2C_SetClockRate
                0x000000001a0019ec       0x68 build/lib/boards/edu-ciaa-nxp.a(i2c_18xx_43xx.o)
                0x000000001a0019ec                Chip_I2C_SetClockRate
 .text.Chip_SSP_SetFormat
                0x000000001a001a54       0x32 build/lib/boards/edu-ciaa-nxp.a(ssp_18xx_43xx.o)
 .text.Chip_SSP_Set_Mode
                0x000000001a001a86       0x26 build/lib/boards/edu-ciaa-nxp.a(ssp_18xx_43xx.o)
 .text.Chip_SSP_GetClockIndex
                0x000000001a001aac       0x2c build/lib/boards/edu-ciaa-nxp.a(ssp_18xx_43xx.o)
 .text.Chip_SSP_GetPeriphClockIndex
                0x000000001a001ad8       0x30 build/lib/boards/edu-ciaa-nxp.a(ssp_18xx_43xx.o)
 .text.Chip_SSP_SetClockRate
                0x000000001a001b08       0x36 build/lib/boards/edu-ciaa-nxp.a(ssp_18xx_43xx.o)
                0x000000001a001b08                Chip_SSP_SetClockRate
 .text.Chip_SSP_SetBitRate
                0x000000001a001b3e       0x74 build/lib/boards/edu-ciaa-nxp.a(ssp_18xx_43xx.o)
                0x000000001a001b3e                Chip_SSP_SetBitRate
 *fill*         0x000000001a001bb2        0x2 
 .text.Chip_SSP_Init
                0x000000001a001bb4       0x4c build/lib/boards/edu-ciaa-nxp.a(ssp_18xx_43xx.o)
                0x000000001a001bb4                Chip_SSP_Init
 .text.Chip_Clock_DisableMainPLL
                0x000000001a001c00       0x20 build/lib/boards/edu-ciaa-nxp.a(sysinit_18xx_43xx.o)
 .text.Chip_Clock_SetupMainPLL
                0x000000001a001c20       0x48 build/lib/boards/edu-ciaa-nxp.a(sysinit_18xx_43xx.o)
 .text.Chip_Clock_MainPLLLocked
                0x000000001a001c68       0x24 build/lib/boards/edu-ciaa-nxp.a(sysinit_18xx_43xx.o)
 .text.Chip_SetupCoreClock
                0x000000001a001c8c      0x148 build/lib/boards/edu-ciaa-nxp.a(sysinit_18xx_43xx.o)
                0x000000001a001c8c                Chip_SetupCoreClock
 .text.Chip_UART_TXDisable
                0x000000001a001dd4       0x1a build/lib/boards/edu-ciaa-nxp.a(uart_18xx_43xx.o)
 .text.Chip_UART_SetupFIFOS
                0x000000001a001dee       0x1c build/lib/boards/edu-ciaa-nxp.a(uart_18xx_43xx.o)
 .text.Chip_UART_ConfigData
                0x000000001a001e0a       0x1c build/lib/boards/edu-ciaa-nxp.a(uart_18xx_43xx.o)
 .text.Chip_UART_EnableDivisorAccess
                0x000000001a001e26       0x20 build/lib/boards/edu-ciaa-nxp.a(uart_18xx_43xx.o)
 .text.Chip_UART_DisableDivisorAccess
                0x000000001a001e46       0x20 build/lib/boards/edu-ciaa-nxp.a(uart_18xx_43xx.o)
 .text.Chip_UART_SetDivisorLatches
                0x000000001a001e66       0x28 build/lib/boards/edu-ciaa-nxp.a(uart_18xx_43xx.o)
 *fill*         0x000000001a001e8e        0x2 
 .text.Chip_UART_GetIndex
                0x000000001a001e90       0x68 build/lib/boards/edu-ciaa-nxp.a(uart_18xx_43xx.o)
 .text.Chip_UART_Init
                0x000000001a001ef8       0x88 build/lib/boards/edu-ciaa-nxp.a(uart_18xx_43xx.o)
                0x000000001a001ef8                Chip_UART_Init
 .text.Chip_UART_SetBaudFDR
                0x000000001a001f80      0x16c build/lib/boards/edu-ciaa-nxp.a(uart_18xx_43xx.o)
                0x000000001a001f80                Chip_UART_SetBaudFDR
 .text          0x000000001a0020ec       0x30 /home/pablo/eiti/2022/embebidos/gcc/gcc-arm/bin/../lib/gcc/arm-none-eabi/10.3.1/thumb/v7e-m+fp/softfp/libgcc.a(_aeabi_uldivmod.o)
                0x000000001a0020ec                __aeabi_uldivmod
 .text          0x000000001a00211c      0x2d0 /home/pablo/eiti/2022/embebidos/gcc/gcc-arm/bin/../lib/gcc/arm-none-eabi/10.3.1/thumb/v7e-m+fp/softfp/libgcc.a(_udivmoddi4.o)
                0x000000001a00211c                __udivmoddi4
 .text          0x000000001a0023ec        0x4 /home/pablo/eiti/2022/embebidos/gcc/gcc-arm/bin/../lib/gcc/arm-none-eabi/10.3.1/thumb/v7e-m+fp/softfp/libgcc.a(_dvmd_tls.o)
                0x000000001a0023ec                __aeabi_ldiv0
                0x000000001a0023ec                __aeabi_idiv0
 .text.__libc_init_array
                0x000000001a0023f0       0x48 /home/pablo/eiti/2022/embebidos/gcc/gcc-arm/bin/../lib/gcc/arm-none-eabi/10.3.1/../../../../arm-none-eabi/lib/thumb/v7e-m+fp/softfp/libc_nano.a(lib_a-init.o)
                0x000000001a0023f0                __libc_init_array
 .text.memset   0x000000001a002438       0x10 /home/pablo/eiti/2022/embebidos/gcc/gcc-arm/bin/../lib/gcc/arm-none-eabi/10.3.1/../../../../arm-none-eabi/lib/thumb/v7e-m+fp/softfp/libc_nano.a(lib_a-memset.o)
                0x000000001a002438                memset
 *(.rodata .rodata.* .constdata .constdata.*)
 .rodata.ExtRateIn
                0x000000001a002448        0x4 build/lib/boards/edu-ciaa-nxp.a(board_lpcopen.o)
                0x000000001a002448                ExtRateIn
 .rodata.OscRateIn
                0x000000001a00244c        0x4 build/lib/boards/edu-ciaa-nxp.a(board_lpcopen.o)
                0x000000001a00244c                OscRateIn
 .rodata.GpioLeds
                0x000000001a002450        0xc build/lib/boards/edu-ciaa-nxp.a(board_lpcopen.o)
 .rodata.GpioButtons
                0x000000001a00245c        0x8 build/lib/boards/edu-ciaa-nxp.a(board_lpcopen.o)
 .rodata.GpioPorts
                0x000000001a002464       0x12 build/lib/boards/edu-ciaa-nxp.a(board_lpcopen.o)
 *fill*         0x000000001a002476        0x2 
 .rodata.InitClkStates
                0x000000001a002478        0x4 build/lib/boards/edu-ciaa-nxp.a(board_sysinit.o)
 .rodata.pinmuxing
                0x000000001a00247c       0x74 build/lib/boards/edu-ciaa-nxp.a(board_sysinit.o)
 .rodata.periph_to_base
                0x000000001a0024f0       0x6c build/lib/boards/edu-ciaa-nxp.a(clock_18xx_43xx.o)
 .rodata        0x000000001a00255c        0xa build/lib/boards/edu-ciaa-nxp.a(clock_18xx_43xx.o)
 *fill*         0x000000001a002566        0x2 
 .rodata.InitClkStates
                0x000000001a002568       0x48 build/lib/boards/edu-ciaa-nxp.a(sysinit_18xx_43xx.o)
 .rodata.UART_PClock
                0x000000001a0025b0        0x8 build/lib/boards/edu-ciaa-nxp.a(uart_18xx_43xx.o)
 .rodata.UART_BClock
                0x000000001a0025b8        0x8 build/lib/boards/edu-ciaa-nxp.a(uart_18xx_43xx.o)
                0x000000001a0025c0                . = ALIGN (0x4)

.ARM.extab
 *(.ARM.extab* .gnu.linkonce.armextab.*)
                0x000000001a0025c0                __exidx_start = .

.ARM.exidx      0x000000001a0025c0        0x8
 *(.ARM.exidx* .gnu.linkonce.armexidx.*)
 .ARM.exidx     0x000000001a0025c0        0x8 /home/pablo/eiti/2022/embebidos/gcc/gcc-arm/bin/../lib/gcc/arm-none-eabi/10.3.1/thumb/v7e-m+fp/softfp/libgcc.a(_udivmoddi4.o)
                0x000000001a0025c8                __exidx_end = .
                0x000000001a0025c8                _etext = .

.rel.dyn        0x000000001a0025c8        0x0
 .rel.iplt      0x000000001a0025c8        0x0 build/obj/src/digital.o

.data_RAM2      0x0000000010080000        0x0 load address 0x000000001a0025c8
 FILL mask 0xff
 *(.ramfunc.$RAM2)
 *(.ramfunc.$RamLoc40)
 *(.data.$RAM2*)
 *(.data.$RamLoc40*)
                0x0000000010080000                . = ALIGN (0x4)

.data_RAM3      0x0000000020000000        0x0 load address 0x000000001a0025c8
 FILL mask 0xff
 *(.ramfunc.$RAM3)
 *(.ramfunc.$RamAHB32)
 *(.data.$RAM3*)
 *(.data.$RamAHB32*)
                0x0000000020000000                . = ALIGN (0x4)

.data_RAM4      0x0000000020008000        0x0 load address 0x000000001a0025c8
 FILL mask 0xff
 *(.ramfunc.$RAM4)
 *(.ramfunc.$RamAHB16)
 *(.data.$RAM4*)
 *(.data.$RamAHB16*)
                0x0000000020008000                . = ALIGN (0x4)

.data_RAM5      0x000000002000c000        0x0 load address 0x000000001a0025c8
 FILL mask 0xff
 *(.ramfunc.$RAM5)
 *(.ramfunc.$RamAHB_ETB16)
 *(.data.$RAM5*)
 *(.data.$RamAHB_ETB16*)
                0x000000002000c000                . = ALIGN (0x4)

.uninit_RESERVED
                0x0000000010000000        0x0
 *(.bss.$RESERVED*)
                0x0000000010000000                . = ALIGN (0x4)
                0x0000000010000000                _end_uninit_RESERVED = .

.data           0x0000000010000000       0x38 load address 0x000000001a0025c8
 FILL mask 0xff
                0x0000000010000000                _data = .
 *(vtable)
 *(.ramfunc*)
 *(.data*)
 .data.i2c      0x0000000010000000       0x38 build/lib/boards/edu-ciaa-nxp.a(i2c_18xx_43xx.o)
                0x0000000010000038                . = ALIGN (0x4)
                0x0000000010000038                _edata = .

.igot.plt       0x0000000010000038        0x0 load address 0x000000001a002600
 .igot.plt      0x0000000010000038        0x0 build/obj/src/digital.o

.bss_RAM2       0x0000000010080000        0x0
 *(.bss.$RAM2*)
 *(.bss.$RamLoc40*)
                0x0000000010080000                . = ALIGN (0x4)

.bss_RAM3       0x0000000020000000        0x0
 *(.bss.$RAM3*)
 *(.bss.$RamAHB32*)
                0x0000000020000000                . = ALIGN (0x4)

.bss_RAM4       0x0000000020008000        0x0
 *(.bss.$RAM4*)
 *(.bss.$RamAHB16*)
                0x0000000020008000                . = ALIGN (0x4)

.bss_RAM5       0x000000002000c000        0x0
 *(.bss.$RAM5*)
 *(.bss.$RamAHB_ETB16*)
                0x000000002000c000                . = ALIGN (0x4)

.bss            0x0000000010000038       0x18
                0x0000000010000038                _bss = .
 *(.bss*)
 .bss.instances
                0x0000000010000038        0xc build/obj/src/digital.o
 .bss.audio_usb_pll_freq
                0x0000000010000044        0x8 build/lib/boards/edu-ciaa-nxp.a(clock_18xx_43xx.o)
 *(COMMON)
 COMMON         0x000000001000004c        0x4 build/lib/boards/edu-ciaa-nxp.a(chip_18xx_43xx.o)
                0x000000001000004c                SystemCoreClock
                0x0000000010000050                . = ALIGN (0x4)
                0x0000000010000050                _ebss = .
                [!provide]                        PROVIDE (end = .)

.noinit_RAM2    0x0000000010080000        0x0
 *(.noinit.$RAM2*)
 *(.noinit.$RamLoc40*)
                0x0000000010080000                . = ALIGN (0x4)

.noinit_RAM3    0x0000000020000000        0x0
 *(.noinit.$RAM3*)
 *(.noinit.$RamAHB32*)
                0x0000000020000000                . = ALIGN (0x4)

.noinit_RAM4    0x0000000020008000        0x0
 *(.noinit.$RAM4*)
 *(.noinit.$RamAHB16*)
                0x0000000020008000                . = ALIGN (0x4)

.noinit_RAM5    0x000000002000c000        0x0
 *(.noinit.$RAM5*)
 *(.noinit.$RamAHB_ETB16*)
                0x000000002000c000                . = ALIGN (0x4)

.noinit         0x0000000010000050        0x0
                0x0000000010000050                _noinit = .
 *(.noinit*)
                0x0000000010000050                . = ALIGN (0x4)
                0x0000000010000050                _end_noinit = .
                [!provide]                        PROVIDE (_pvHeapStart = .)
                0x0000000010008000                PROVIDE (_vStackTop = (__top_RamLoc32 - 0x0))
                0xffffffff53ff72b2                PROVIDE (__valid_user_code_checksum = (0x0 - ((((((_vStackTop + (Reset_Handler + 0x1)) + (NMI_Handler + 0x1)) + (HardFault_Handler + 0x1)) + (DEFINED (MemManage_Handler)?MemManage_Handler:0x0 + 0x1)) + (DEFINED (BusFault_Handler)?BusFault_Handler:0x0 + 0x1)) + (DEFINED (UsageFault_Handler)?UsageFault_Handler:0x0 + 0x1))))
OUTPUT(build/bin/tp03.elf elf32-littlearm)
LOAD linker stubs

.debug_info     0x0000000000000000     0xb523
 .debug_info    0x0000000000000000      0x92d build/obj/src/digital.o
 .debug_info    0x000000000000092d      0x5ab build/obj/src/main.o
 .debug_info    0x0000000000000ed8      0x2c1 build/lib/boards/edu-ciaa-nxp.a(armv7m_startup.o)
 .debug_info    0x0000000000001199      0xbfb build/lib/boards/edu-ciaa-nxp.a(sysinit.o)
 .debug_info    0x0000000000001d94     0x1d53 build/lib/boards/edu-ciaa-nxp.a(board_lpcopen.o)
 .debug_info    0x0000000000003ae7     0x1481 build/lib/boards/edu-ciaa-nxp.a(board_sysinit.o)
 .debug_info    0x0000000000004f68      0x9e4 build/lib/boards/edu-ciaa-nxp.a(adc_18xx_43xx.o)
 .debug_info    0x000000000000594c      0xa94 build/lib/boards/edu-ciaa-nxp.a(chip_18xx_43xx.o)
 .debug_info    0x00000000000063e0     0x168a build/lib/boards/edu-ciaa-nxp.a(clock_18xx_43xx.o)
 .debug_info    0x0000000000007a6a      0x210 build/lib/boards/edu-ciaa-nxp.a(gpio_18xx_43xx.o)
 .debug_info    0x0000000000007c7a     0x1123 build/lib/boards/edu-ciaa-nxp.a(i2c_18xx_43xx.o)
 .debug_info    0x0000000000008d9d      0xca0 build/lib/boards/edu-ciaa-nxp.a(ssp_18xx_43xx.o)
 .debug_info    0x0000000000009a3d      0x95c build/lib/boards/edu-ciaa-nxp.a(sysinit_18xx_43xx.o)
 .debug_info    0x000000000000a399     0x118a build/lib/boards/edu-ciaa-nxp.a(uart_18xx_43xx.o)

.debug_abbrev   0x0000000000000000     0x1fbe
 .debug_abbrev  0x0000000000000000      0x218 build/obj/src/digital.o
 .debug_abbrev  0x0000000000000218      0x183 build/obj/src/main.o
 .debug_abbrev  0x000000000000039b       0xfd build/lib/boards/edu-ciaa-nxp.a(armv7m_startup.o)
 .debug_abbrev  0x0000000000000498      0x217 build/lib/boards/edu-ciaa-nxp.a(sysinit.o)
 .debug_abbrev  0x00000000000006af      0x46a build/lib/boards/edu-ciaa-nxp.a(board_lpcopen.o)
 .debug_abbrev  0x0000000000000b19      0x2d7 build/lib/boards/edu-ciaa-nxp.a(board_sysinit.o)
 .debug_abbrev  0x0000000000000df0      0x1f8 build/lib/boards/edu-ciaa-nxp.a(adc_18xx_43xx.o)
 .debug_abbrev  0x0000000000000fe8      0x186 build/lib/boards/edu-ciaa-nxp.a(chip_18xx_43xx.o)
 .debug_abbrev  0x000000000000116e      0x30f build/lib/boards/edu-ciaa-nxp.a(clock_18xx_43xx.o)
 .debug_abbrev  0x000000000000147d      0x114 build/lib/boards/edu-ciaa-nxp.a(gpio_18xx_43xx.o)
 .debug_abbrev  0x0000000000001591      0x2be build/lib/boards/edu-ciaa-nxp.a(i2c_18xx_43xx.o)
 .debug_abbrev  0x000000000000184f      0x288 build/lib/boards/edu-ciaa-nxp.a(ssp_18xx_43xx.o)
 .debug_abbrev  0x0000000000001ad7      0x1bc build/lib/boards/edu-ciaa-nxp.a(sysinit_18xx_43xx.o)
 .debug_abbrev  0x0000000000001c93      0x32b build/lib/boards/edu-ciaa-nxp.a(uart_18xx_43xx.o)

.debug_aranges  0x0000000000000000      0x888
 .debug_aranges
                0x0000000000000000       0x68 build/obj/src/digital.o
 .debug_aranges
                0x0000000000000068       0x50 build/obj/src/main.o
 .debug_aranges
                0x00000000000000b8       0x90 build/lib/boards/edu-ciaa-nxp.a(armv7m_startup.o)
 .debug_aranges
                0x0000000000000148       0x28 build/lib/boards/edu-ciaa-nxp.a(sysinit.o)
 .debug_aranges
                0x0000000000000170      0x130 build/lib/boards/edu-ciaa-nxp.a(board_lpcopen.o)
 .debug_aranges
                0x00000000000002a0       0x48 build/lib/boards/edu-ciaa-nxp.a(board_sysinit.o)
 .debug_aranges
                0x00000000000002e8       0x98 build/lib/boards/edu-ciaa-nxp.a(adc_18xx_43xx.o)
 .debug_aranges
                0x0000000000000380       0x40 build/lib/boards/edu-ciaa-nxp.a(chip_18xx_43xx.o)
 .debug_aranges
                0x00000000000003c0      0x138 build/lib/boards/edu-ciaa-nxp.a(clock_18xx_43xx.o)
 .debug_aranges
                0x00000000000004f8       0x28 build/lib/boards/edu-ciaa-nxp.a(gpio_18xx_43xx.o)
 .debug_aranges
                0x0000000000000520      0x118 build/lib/boards/edu-ciaa-nxp.a(i2c_18xx_43xx.o)
 .debug_aranges
                0x0000000000000638       0xe8 build/lib/boards/edu-ciaa-nxp.a(ssp_18xx_43xx.o)
 .debug_aranges
                0x0000000000000720       0x50 build/lib/boards/edu-ciaa-nxp.a(sysinit_18xx_43xx.o)
 .debug_aranges
                0x0000000000000770      0x118 build/lib/boards/edu-ciaa-nxp.a(uart_18xx_43xx.o)

.debug_ranges   0x0000000000000000      0x7d8
 .debug_ranges  0x0000000000000000       0x58 build/obj/src/digital.o
 .debug_ranges  0x0000000000000058       0x40 build/obj/src/main.o
 .debug_ranges  0x0000000000000098       0x80 build/lib/boards/edu-ciaa-nxp.a(armv7m_startup.o)
 .debug_ranges  0x0000000000000118       0x18 build/lib/boards/edu-ciaa-nxp.a(sysinit.o)
 .debug_ranges  0x0000000000000130      0x120 build/lib/boards/edu-ciaa-nxp.a(board_lpcopen.o)
 .debug_ranges  0x0000000000000250       0x38 build/lib/boards/edu-ciaa-nxp.a(board_sysinit.o)
 .debug_ranges  0x0000000000000288       0x88 build/lib/boards/edu-ciaa-nxp.a(adc_18xx_43xx.o)
 .debug_ranges  0x0000000000000310       0x30 build/lib/boards/edu-ciaa-nxp.a(chip_18xx_43xx.o)
 .debug_ranges  0x0000000000000340      0x140 build/lib/boards/edu-ciaa-nxp.a(clock_18xx_43xx.o)
 .debug_ranges  0x0000000000000480       0x18 build/lib/boards/edu-ciaa-nxp.a(gpio_18xx_43xx.o)
 .debug_ranges  0x0000000000000498      0x108 build/lib/boards/edu-ciaa-nxp.a(i2c_18xx_43xx.o)
 .debug_ranges  0x00000000000005a0       0xd8 build/lib/boards/edu-ciaa-nxp.a(ssp_18xx_43xx.o)
 .debug_ranges  0x0000000000000678       0x40 build/lib/boards/edu-ciaa-nxp.a(sysinit_18xx_43xx.o)
 .debug_ranges  0x00000000000006b8      0x120 build/lib/boards/edu-ciaa-nxp.a(uart_18xx_43xx.o)

.debug_macro    0x0000000000000000     0x93bb
 .debug_macro   0x0000000000000000      0x32e build/obj/src/digital.o
 .debug_macro   0x000000000000032e      0xa96 build/obj/src/digital.o
 .debug_macro   0x0000000000000dc4       0x22 build/obj/src/digital.o
 .debug_macro   0x0000000000000de6       0x8e build/obj/src/digital.o
 .debug_macro   0x0000000000000e74       0x51 build/obj/src/digital.o
 .debug_macro   0x0000000000000ec5      0x103 build/obj/src/digital.o
 .debug_macro   0x0000000000000fc8       0x6a build/obj/src/digital.o
 .debug_macro   0x0000000000001032      0x1df build/obj/src/digital.o
 .debug_macro   0x0000000000001211       0x10 build/obj/src/digital.o
 .debug_macro   0x0000000000001221       0x22 build/obj/src/digital.o
 .debug_macro   0x0000000000001243       0x73 build/obj/src/digital.o
 .debug_macro   0x00000000000012b6       0x22 build/obj/src/digital.o
 .debug_macro   0x00000000000012d8       0x1c build/obj/src/digital.o
 .debug_macro   0x00000000000012f4       0x22 build/obj/src/digital.o
 .debug_macro   0x0000000000001316       0xd9 build/obj/src/digital.o
 .debug_macro   0x00000000000013ef     0x102d build/obj/src/digital.o
 .debug_macro   0x000000000000241c      0x11f build/obj/src/digital.o
 .debug_macro   0x000000000000253b      0x2c3 build/obj/src/digital.o
 .debug_macro   0x00000000000027fe      0x112 build/obj/src/digital.o
 .debug_macro   0x0000000000002910       0x11 build/obj/src/digital.o
 .debug_macro   0x0000000000002921       0x2a build/obj/src/digital.o
 .debug_macro   0x000000000000294b       0x16 build/obj/src/digital.o
 .debug_macro   0x0000000000002961      0x2e6 build/obj/src/digital.o
 .debug_macro   0x0000000000002c47       0x82 build/obj/src/digital.o
 .debug_macro   0x0000000000002cc9      0x13d build/obj/src/digital.o
 .debug_macro   0x0000000000002e06      0x198 build/obj/src/digital.o
 .debug_macro   0x0000000000002f9e       0x34 build/obj/src/digital.o
 .debug_macro   0x0000000000002fd2       0x58 build/obj/src/digital.o
 .debug_macro   0x000000000000302a      0x236 build/obj/src/digital.o
 .debug_macro   0x0000000000003260      0x572 build/obj/src/digital.o
 .debug_macro   0x00000000000037d2       0x16 build/obj/src/digital.o
 .debug_macro   0x00000000000037e8      0x18a build/obj/src/digital.o
 .debug_macro   0x0000000000003972       0x88 build/obj/src/digital.o
 .debug_macro   0x00000000000039fa      0x1b9 build/obj/src/digital.o
 .debug_macro   0x0000000000003bb3      0x1da build/obj/src/digital.o
 .debug_macro   0x0000000000003d8d       0x40 build/obj/src/digital.o
 .debug_macro   0x0000000000003dcd       0x1c build/obj/src/digital.o
 .debug_macro   0x0000000000003de9       0x2e build/obj/src/digital.o
 .debug_macro   0x0000000000003e17       0x2e build/obj/src/digital.o
 .debug_macro   0x0000000000003e45       0x22 build/obj/src/digital.o
 .debug_macro   0x0000000000003e67      0x201 build/obj/src/digital.o
 .debug_macro   0x0000000000004068       0xe0 build/obj/src/digital.o
 .debug_macro   0x0000000000004148      0x34c build/obj/src/digital.o
 .debug_macro   0x0000000000004494       0xdc build/obj/src/digital.o
 .debug_macro   0x0000000000004570       0xc4 build/obj/src/digital.o
 .debug_macro   0x0000000000004634       0x8f build/obj/src/digital.o
 .debug_macro   0x00000000000046c3       0x94 build/obj/src/digital.o
 .debug_macro   0x0000000000004757       0xb8 build/obj/src/digital.o
 .debug_macro   0x000000000000480f       0x4c build/obj/src/digital.o
 .debug_macro   0x000000000000485b       0x16 build/obj/src/digital.o
 .debug_macro   0x0000000000004871      0x328 build/obj/src/digital.o
 .debug_macro   0x0000000000004b99       0x3a build/obj/src/digital.o
 .debug_macro   0x0000000000004bd3       0xd0 build/obj/src/digital.o
 .debug_macro   0x0000000000004ca3       0x18 build/obj/src/digital.o
 .debug_macro   0x0000000000004cbb       0x22 build/obj/src/digital.o
 .debug_macro   0x0000000000004cdd       0x40 build/obj/src/digital.o
 .debug_macro   0x0000000000004d1d      0x174 build/obj/src/digital.o
 .debug_macro   0x0000000000004e91      0x44b build/obj/src/main.o
 .debug_macro   0x00000000000052dc       0x1d build/lib/boards/edu-ciaa-nxp.a(armv7m_startup.o)
 .debug_macro   0x00000000000052f9      0xaba build/lib/boards/edu-ciaa-nxp.a(armv7m_startup.o)
 .debug_macro   0x0000000000005db3      0x46d build/lib/boards/edu-ciaa-nxp.a(sysinit.o)
 .debug_macro   0x0000000000006220      0x34e build/lib/boards/edu-ciaa-nxp.a(sysinit.o)
 .debug_macro   0x000000000000656e       0xdf build/lib/boards/edu-ciaa-nxp.a(sysinit.o)
 .debug_macro   0x000000000000664d       0x22 build/lib/boards/edu-ciaa-nxp.a(sysinit.o)
 .debug_macro   0x000000000000666f       0x52 build/lib/boards/edu-ciaa-nxp.a(sysinit.o)
 .debug_macro   0x00000000000066c1       0x18 build/lib/boards/edu-ciaa-nxp.a(sysinit.o)
 .debug_macro   0x00000000000066d9       0x94 build/lib/boards/edu-ciaa-nxp.a(sysinit.o)
 .debug_macro   0x000000000000676d       0x35 build/lib/boards/edu-ciaa-nxp.a(sysinit.o)
 .debug_macro   0x00000000000067a2       0x34 build/lib/boards/edu-ciaa-nxp.a(sysinit.o)
 .debug_macro   0x00000000000067d6       0x16 build/lib/boards/edu-ciaa-nxp.a(sysinit.o)
 .debug_macro   0x00000000000067ec       0x57 build/lib/boards/edu-ciaa-nxp.a(sysinit.o)
 .debug_macro   0x0000000000006843       0x97 build/lib/boards/edu-ciaa-nxp.a(sysinit.o)
 .debug_macro   0x00000000000068da      0x333 build/lib/boards/edu-ciaa-nxp.a(sysinit.o)
 .debug_macro   0x0000000000006c0d       0xfd build/lib/boards/edu-ciaa-nxp.a(sysinit.o)
 .debug_macro   0x0000000000006d0a       0x10 build/lib/boards/edu-ciaa-nxp.a(sysinit.o)
 .debug_macro   0x0000000000006d1a       0x16 build/lib/boards/edu-ciaa-nxp.a(sysinit.o)
 .debug_macro   0x0000000000006d30       0x43 build/lib/boards/edu-ciaa-nxp.a(sysinit.o)
 .debug_macro   0x0000000000006d73       0x34 build/lib/boards/edu-ciaa-nxp.a(sysinit.o)
 .debug_macro   0x0000000000006da7       0x10 build/lib/boards/edu-ciaa-nxp.a(sysinit.o)
 .debug_macro   0x0000000000006db7       0x52 build/lib/boards/edu-ciaa-nxp.a(sysinit.o)
 .debug_macro   0x0000000000006e09      0x182 build/lib/boards/edu-ciaa-nxp.a(sysinit.o)
 .debug_macro   0x0000000000006f8b       0x10 build/lib/boards/edu-ciaa-nxp.a(sysinit.o)
 .debug_macro   0x0000000000006f9b       0x1c build/lib/boards/edu-ciaa-nxp.a(sysinit.o)
 .debug_macro   0x0000000000006fb7       0x52 build/lib/boards/edu-ciaa-nxp.a(sysinit.o)
 .debug_macro   0x0000000000007009       0x22 build/lib/boards/edu-ciaa-nxp.a(sysinit.o)
 .debug_macro   0x000000000000702b       0x10 build/lib/boards/edu-ciaa-nxp.a(sysinit.o)
 .debug_macro   0x000000000000703b       0x40 build/lib/boards/edu-ciaa-nxp.a(sysinit.o)
 .debug_macro   0x000000000000707b       0xd5 build/lib/boards/edu-ciaa-nxp.a(sysinit.o)
 .debug_macro   0x0000000000007150       0x1c build/lib/boards/edu-ciaa-nxp.a(sysinit.o)
 .debug_macro   0x000000000000716c       0x3d build/lib/boards/edu-ciaa-nxp.a(sysinit.o)
 .debug_macro   0x00000000000071a9       0x16 build/lib/boards/edu-ciaa-nxp.a(sysinit.o)
 .debug_macro   0x00000000000071bf      0x16f build/lib/boards/edu-ciaa-nxp.a(sysinit.o)
 .debug_macro   0x000000000000732e       0x20 build/lib/boards/edu-ciaa-nxp.a(sysinit.o)
 .debug_macro   0x000000000000734e      0x109 build/lib/boards/edu-ciaa-nxp.a(sysinit.o)
 .debug_macro   0x0000000000007457      0x47f build/lib/boards/edu-ciaa-nxp.a(board_lpcopen.o)
 .debug_macro   0x00000000000078d6      0x46d build/lib/boards/edu-ciaa-nxp.a(board_sysinit.o)
 .debug_macro   0x0000000000007d43      0x2cc build/lib/boards/edu-ciaa-nxp.a(adc_18xx_43xx.o)
 .debug_macro   0x000000000000800f      0x2cc build/lib/boards/edu-ciaa-nxp.a(chip_18xx_43xx.o)
 .debug_macro   0x00000000000082db      0x2d2 build/lib/boards/edu-ciaa-nxp.a(clock_18xx_43xx.o)
 .debug_macro   0x00000000000085ad      0x2cc build/lib/boards/edu-ciaa-nxp.a(gpio_18xx_43xx.o)
 .debug_macro   0x0000000000008879      0x2de build/lib/boards/edu-ciaa-nxp.a(i2c_18xx_43xx.o)
 .debug_macro   0x0000000000008b57      0x2cc build/lib/boards/edu-ciaa-nxp.a(ssp_18xx_43xx.o)
 .debug_macro   0x0000000000008e23      0x2cc build/lib/boards/edu-ciaa-nxp.a(sysinit_18xx_43xx.o)
 .debug_macro   0x00000000000090ef      0x2cc build/lib/boards/edu-ciaa-nxp.a(uart_18xx_43xx.o)

.debug_line     0x0000000000000000     0x872f
 .debug_line    0x0000000000000000      0x8eb build/obj/src/digital.o
 .debug_line    0x00000000000008eb      0x900 build/obj/src/main.o
 .debug_line    0x00000000000011eb      0x21f build/lib/boards/edu-ciaa-nxp.a(armv7m_startup.o)
 .debug_line    0x000000000000140a      0x8e4 build/lib/boards/edu-ciaa-nxp.a(sysinit.o)
 .debug_line    0x0000000000001cee      0xd39 build/lib/boards/edu-ciaa-nxp.a(board_lpcopen.o)
 .debug_line    0x0000000000002a27      0x9ac build/lib/boards/edu-ciaa-nxp.a(board_sysinit.o)
 .debug_line    0x00000000000033d3      0x8c5 build/lib/boards/edu-ciaa-nxp.a(adc_18xx_43xx.o)
 .debug_line    0x0000000000003c98      0x6e8 build/lib/boards/edu-ciaa-nxp.a(chip_18xx_43xx.o)
 .debug_line    0x0000000000004380      0xfe5 build/lib/boards/edu-ciaa-nxp.a(clock_18xx_43xx.o)
 .debug_line    0x0000000000005365      0x652 build/lib/boards/edu-ciaa-nxp.a(gpio_18xx_43xx.o)
 .debug_line    0x00000000000059b7      0xcf8 build/lib/boards/edu-ciaa-nxp.a(i2c_18xx_43xx.o)
 .debug_line    0x00000000000066af      0xcc8 build/lib/boards/edu-ciaa-nxp.a(ssp_18xx_43xx.o)
 .debug_line    0x0000000000007377      0x7d0 build/lib/boards/edu-ciaa-nxp.a(sysinit_18xx_43xx.o)
 .debug_line    0x0000000000007b47      0xbe8 build/lib/boards/edu-ciaa-nxp.a(uart_18xx_43xx.o)

.debug_str      0x0000000000000000    0x1ebca
 .debug_str     0x0000000000000000    0x1741e build/obj/src/digital.o
                                      0x1767c (size before relaxing)
 .debug_str     0x000000000001741e      0x426 build/obj/src/main.o
                                      0x16c9a (size before relaxing)
 .debug_str     0x0000000000017844      0x654 build/lib/boards/edu-ciaa-nxp.a(armv7m_startup.o)
                                       0x3040 (size before relaxing)
 .debug_str     0x0000000000017e98     0x48f8 build/lib/boards/edu-ciaa-nxp.a(sysinit.o)
                                      0x1abf3 (size before relaxing)
 .debug_str     0x000000000001c790      0x82c build/lib/boards/edu-ciaa-nxp.a(board_lpcopen.o)
                                      0x1be70 (size before relaxing)
 .debug_str     0x000000000001cfbc      0x32e build/lib/boards/edu-ciaa-nxp.a(board_sysinit.o)
                                      0x1b8eb (size before relaxing)
 .debug_str     0x000000000001d2ea      0x261 build/lib/boards/edu-ciaa-nxp.a(adc_18xx_43xx.o)
                                      0x16d08 (size before relaxing)
 .debug_str     0x000000000001d54b       0xf9 build/lib/boards/edu-ciaa-nxp.a(chip_18xx_43xx.o)
                                      0x171e0 (size before relaxing)
 .debug_str     0x000000000001d644      0x625 build/lib/boards/edu-ciaa-nxp.a(clock_18xx_43xx.o)
                                      0x1775f (size before relaxing)
 .debug_str     0x000000000001dc69       0x90 build/lib/boards/edu-ciaa-nxp.a(gpio_18xx_43xx.o)
                                      0x16506 (size before relaxing)
 .debug_str     0x000000000001dcf9      0x5f7 build/lib/boards/edu-ciaa-nxp.a(i2c_18xx_43xx.o)
                                      0x174ae (size before relaxing)
 .debug_str     0x000000000001e2f0      0x449 build/lib/boards/edu-ciaa-nxp.a(ssp_18xx_43xx.o)
                                      0x16f02 (size before relaxing)
 .debug_str     0x000000000001e739      0x10f build/lib/boards/edu-ciaa-nxp.a(sysinit_18xx_43xx.o)
                                      0x171c2 (size before relaxing)
 .debug_str     0x000000000001e848      0x382 build/lib/boards/edu-ciaa-nxp.a(uart_18xx_43xx.o)
                                      0x17323 (size before relaxing)

.comment        0x0000000000000000       0x9a
 .comment       0x0000000000000000       0x49 build/obj/src/digital.o
                                         0x4a (size before relaxing)
 .comment       0x0000000000000049       0x4a build/obj/src/main.o
 .comment       0x0000000000000049       0x51 build/lib/boards/edu-ciaa-nxp.a(armv7m_startup.o)
                                         0x52 (size before relaxing)
 .comment       0x000000000000009a       0x52 build/lib/boards/edu-ciaa-nxp.a(sysinit.o)
 .comment       0x000000000000009a       0x52 build/lib/boards/edu-ciaa-nxp.a(board_lpcopen.o)
 .comment       0x000000000000009a       0x52 build/lib/boards/edu-ciaa-nxp.a(board_sysinit.o)
 .comment       0x000000000000009a       0x52 build/lib/boards/edu-ciaa-nxp.a(adc_18xx_43xx.o)
 .comment       0x000000000000009a       0x52 build/lib/boards/edu-ciaa-nxp.a(chip_18xx_43xx.o)
 .comment       0x000000000000009a       0x52 build/lib/boards/edu-ciaa-nxp.a(clock_18xx_43xx.o)
 .comment       0x000000000000009a       0x52 build/lib/boards/edu-ciaa-nxp.a(gpio_18xx_43xx.o)
 .comment       0x000000000000009a       0x52 build/lib/boards/edu-ciaa-nxp.a(i2c_18xx_43xx.o)
 .comment       0x000000000000009a       0x52 build/lib/boards/edu-ciaa-nxp.a(ssp_18xx_43xx.o)
 .comment       0x000000000000009a       0x52 build/lib/boards/edu-ciaa-nxp.a(sysinit_18xx_43xx.o)
 .comment       0x000000000000009a       0x52 build/lib/boards/edu-ciaa-nxp.a(uart_18xx_43xx.o)

.ARM.attributes
                0x0000000000000000       0x32
 .ARM.attributes
                0x0000000000000000       0x32 build/obj/src/digital.o
 .ARM.attributes
                0x0000000000000032       0x32 build/obj/src/main.o
 .ARM.attributes
                0x0000000000000064       0x32 build/lib/boards/edu-ciaa-nxp.a(armv7m_startup.o)
 .ARM.attributes
                0x0000000000000096       0x32 build/lib/boards/edu-ciaa-nxp.a(sysinit.o)
 .ARM.attributes
                0x00000000000000c8       0x32 build/lib/boards/edu-ciaa-nxp.a(board_lpcopen.o)
 .ARM.attributes
                0x00000000000000fa       0x32 build/lib/boards/edu-ciaa-nxp.a(board_sysinit.o)
 .ARM.attributes
                0x000000000000012c       0x32 build/lib/boards/edu-ciaa-nxp.a(adc_18xx_43xx.o)
 .ARM.attributes
                0x000000000000015e       0x32 build/lib/boards/edu-ciaa-nxp.a(chip_18xx_43xx.o)
 .ARM.attributes
                0x0000000000000190       0x32 build/lib/boards/edu-ciaa-nxp.a(clock_18xx_43xx.o)
 .ARM.attributes
                0x00000000000001c2       0x32 build/lib/boards/edu-ciaa-nxp.a(gpio_18xx_43xx.o)
 .ARM.attributes
                0x00000000000001f4       0x32 build/lib/boards/edu-ciaa-nxp.a(i2c_18xx_43xx.o)
 .ARM.attributes
                0x0000000000000226       0x32 build/lib/boards/edu-ciaa-nxp.a(ssp_18xx_43xx.o)
 .ARM.attributes
                0x0000000000000258       0x32 build/lib/boards/edu-ciaa-nxp.a(sysinit_18xx_43xx.o)
 .ARM.attributes
                0x000000000000028a       0x32 build/lib/boards/edu-ciaa-nxp.a(uart_18xx_43xx.o)
 .ARM.attributes
                0x00000000000002bc       0x1e /home/pablo/eiti/2022/embebidos/gcc/gcc-arm/bin/../lib/gcc/arm-none-eabi/10.3.1/thumb/v7e-m+fp/softfp/libgcc.a(_aeabi_uldivmod.o)
 .ARM.attributes
                0x00000000000002da       0x32 /home/pablo/eiti/2022/embebidos/gcc/gcc-arm/bin/../lib/gcc/arm-none-eabi/10.3.1/thumb/v7e-m+fp/softfp/libgcc.a(_udivmoddi4.o)
 .ARM.attributes
                0x000000000000030c       0x1e /home/pablo/eiti/2022/embebidos/gcc/gcc-arm/bin/../lib/gcc/arm-none-eabi/10.3.1/thumb/v7e-m+fp/softfp/libgcc.a(_dvmd_tls.o)
 .ARM.attributes
                0x000000000000032a       0x32 /home/pablo/eiti/2022/embebidos/gcc/gcc-arm/bin/../lib/gcc/arm-none-eabi/10.3.1/../../../../arm-none-eabi/lib/thumb/v7e-m+fp/softfp/libc_nano.a(lib_a-init.o)
 .ARM.attributes
                0x000000000000035c       0x32 /home/pablo/eiti/2022/embebidos/gcc/gcc-arm/bin/../lib/gcc/arm-none-eabi/10.3.1/../../../../arm-none-eabi/lib/thumb/v7e-m+fp/softfp/libc_nano.a(lib_a-memset.o)

.debug_frame    0x0000000000000000     0x2284
 .debug_frame   0x0000000000000000      0x18c build/obj/src/digital.o
 .debug_frame   0x000000000000018c      0x11c build/obj/src/main.o
 .debug_frame   0x00000000000002a8      0x1b8 build/lib/boards/edu-ciaa-nxp.a(armv7m_startup.o)
 .debug_frame   0x0000000000000460       0x54 build/lib/boards/edu-ciaa-nxp.a(sysinit.o)
 .debug_frame   0x00000000000004b4      0x4f4 build/lib/boards/edu-ciaa-nxp.a(board_lpcopen.o)
 .debug_frame   0x00000000000009a8       0xe0 build/lib/boards/edu-ciaa-nxp.a(board_sysinit.o)
 .debug_frame   0x0000000000000a88      0x264 build/lib/boards/edu-ciaa-nxp.a(adc_18xx_43xx.o)
 .debug_frame   0x0000000000000cec       0xa0 build/lib/boards/edu-ciaa-nxp.a(chip_18xx_43xx.o)
 .debug_frame   0x0000000000000d8c      0x568 build/lib/boards/edu-ciaa-nxp.a(clock_18xx_43xx.o)
 .debug_frame   0x00000000000012f4       0x60 build/lib/boards/edu-ciaa-nxp.a(gpio_18xx_43xx.o)
 .debug_frame   0x0000000000001354      0x4c8 build/lib/boards/edu-ciaa-nxp.a(i2c_18xx_43xx.o)
 .debug_frame   0x000000000000181c      0x3e8 build/lib/boards/edu-ciaa-nxp.a(ssp_18xx_43xx.o)
 .debug_frame   0x0000000000001c04       0xf4 build/lib/boards/edu-ciaa-nxp.a(sysinit_18xx_43xx.o)
 .debug_frame   0x0000000000001cf8      0x4e0 build/lib/boards/edu-ciaa-nxp.a(uart_18xx_43xx.o)
 .debug_frame   0x00000000000021d8       0x2c /home/pablo/eiti/2022/embebidos/gcc/gcc-arm/bin/../lib/gcc/arm-none-eabi/10.3.1/thumb/v7e-m+fp/softfp/libgcc.a(_aeabi_uldivmod.o)
 .debug_frame   0x0000000000002204       0x34 /home/pablo/eiti/2022/embebidos/gcc/gcc-arm/bin/../lib/gcc/arm-none-eabi/10.3.1/thumb/v7e-m+fp/softfp/libgcc.a(_udivmoddi4.o)
 .debug_frame   0x0000000000002238       0x2c /home/pablo/eiti/2022/embebidos/gcc/gcc-arm/bin/../lib/gcc/arm-none-eabi/10.3.1/../../../../arm-none-eabi/lib/thumb/v7e-m+fp/softfp/libc_nano.a(lib_a-init.o)
 .debug_frame   0x0000000000002264       0x20 /home/pablo/eiti/2022/embebidos/gcc/gcc-arm/bin/../lib/gcc/arm-none-eabi/10.3.1/../../../../arm-none-eabi/lib/thumb/v7e-m+fp/softfp/libc_nano.a(lib_a-memset.o)

Cross Reference Table

Symbol                                            File
Board_ADC_ReadBegin                               build/lib/boards/edu-ciaa-nxp.a(board_lpcopen.o)
Board_ADC_ReadEnd                                 build/lib/boards/edu-ciaa-nxp.a(board_lpcopen.o)
Board_ADC_ReadWait                                build/lib/boards/edu-ciaa-nxp.a(board_lpcopen.o)
Board_Debug_Init                                  build/lib/boards/edu-ciaa-nxp.a(board_lpcopen.o)
Board_Init                                        build/lib/boards/edu-ciaa-nxp.a(board_lpcopen.o)
                                                  build/lib/boards/edu-ciaa-nxp.a(sysinit.o)
Board_LED_Set                                     build/lib/boards/edu-ciaa-nxp.a(board_lpcopen.o)
Board_LED_Test                                    build/lib/boards/edu-ciaa-nxp.a(board_lpcopen.o)
Board_LED_Toggle                                  build/lib/boards/edu-ciaa-nxp.a(board_lpcopen.o)
Board_SetupClocking                               build/lib/boards/edu-ciaa-nxp.a(board_sysinit.o)
Board_SetupMuxing                                 build/lib/boards/edu-ciaa-nxp.a(board_sysinit.o)
Board_SystemInit                                  build/lib/boards/edu-ciaa-nxp.a(board_sysinit.o)
                                                  build/lib/boards/edu-ciaa-nxp.a(sysinit.o)
Board_TEC_GetStatus                               build/lib/boards/edu-ciaa-nxp.a(board_lpcopen.o)
Board_UARTGetChar                                 build/lib/boards/edu-ciaa-nxp.a(board_lpcopen.o)
Board_UARTPutChar                                 build/lib/boards/edu-ciaa-nxp.a(board_lpcopen.o)
Board_UARTPutSTR                                  build/lib/boards/edu-ciaa-nxp.a(board_lpcopen.o)
BusFault_Handler                                  build/lib/boards/edu-ciaa-nxp.a(armv7m_startup.o)
Chip_ADC_DeInit                                   build/lib/boards/edu-ciaa-nxp.a(adc_18xx_43xx.o)
Chip_ADC_EnableChannel                            build/lib/boards/edu-ciaa-nxp.a(adc_18xx_43xx.o)
                                                  build/lib/boards/edu-ciaa-nxp.a(board_lpcopen.o)
Chip_ADC_Init                                     build/lib/boards/edu-ciaa-nxp.a(adc_18xx_43xx.o)
                                                  build/lib/boards/edu-ciaa-nxp.a(board_lpcopen.o)
Chip_ADC_Int_SetChannelCmd                        build/lib/boards/edu-ciaa-nxp.a(adc_18xx_43xx.o)
Chip_ADC_ReadByte                                 build/lib/boards/edu-ciaa-nxp.a(adc_18xx_43xx.o)
Chip_ADC_ReadStatus                               build/lib/boards/edu-ciaa-nxp.a(adc_18xx_43xx.o)
                                                  build/lib/boards/edu-ciaa-nxp.a(board_lpcopen.o)
Chip_ADC_ReadValue                                build/lib/boards/edu-ciaa-nxp.a(adc_18xx_43xx.o)
                                                  build/lib/boards/edu-ciaa-nxp.a(board_lpcopen.o)
Chip_ADC_SetBurstCmd                              build/lib/boards/edu-ciaa-nxp.a(adc_18xx_43xx.o)
                                                  build/lib/boards/edu-ciaa-nxp.a(board_lpcopen.o)
Chip_ADC_SetResolution                            build/lib/boards/edu-ciaa-nxp.a(adc_18xx_43xx.o)
                                                  build/lib/boards/edu-ciaa-nxp.a(board_lpcopen.o)
Chip_ADC_SetSampleRate                            build/lib/boards/edu-ciaa-nxp.a(adc_18xx_43xx.o)
                                                  build/lib/boards/edu-ciaa-nxp.a(board_lpcopen.o)
Chip_ADC_SetStartMode                             build/lib/boards/edu-ciaa-nxp.a(adc_18xx_43xx.o)
                                                  build/lib/boards/edu-ciaa-nxp.a(board_lpcopen.o)
Chip_Clock_CalcMainPLLValue                       build/lib/boards/edu-ciaa-nxp.a(clock_18xx_43xx.o)
                                                  build/lib/boards/edu-ciaa-nxp.a(sysinit_18xx_43xx.o)
Chip_Clock_ClearPowerDown                         build/lib/boards/edu-ciaa-nxp.a(clock_18xx_43xx.o)
Chip_Clock_Disable                                build/lib/boards/edu-ciaa-nxp.a(clock_18xx_43xx.o)
                                                  build/lib/boards/edu-ciaa-nxp.a(uart_18xx_43xx.o)
                                                  build/lib/boards/edu-ciaa-nxp.a(ssp_18xx_43xx.o)
                                                  build/lib/boards/edu-ciaa-nxp.a(i2c_18xx_43xx.o)
                                                  build/lib/boards/edu-ciaa-nxp.a(adc_18xx_43xx.o)
Chip_Clock_DisableBaseClock                       build/lib/boards/edu-ciaa-nxp.a(clock_18xx_43xx.o)
Chip_Clock_DisableCrystal                         build/lib/boards/edu-ciaa-nxp.a(clock_18xx_43xx.o)
Chip_Clock_DisablePLL                             build/lib/boards/edu-ciaa-nxp.a(clock_18xx_43xx.o)
Chip_Clock_Enable                                 build/lib/boards/edu-ciaa-nxp.a(clock_18xx_43xx.o)
                                                  build/lib/boards/edu-ciaa-nxp.a(ssp_18xx_43xx.o)
                                                  build/lib/boards/edu-ciaa-nxp.a(i2c_18xx_43xx.o)
Chip_Clock_EnableBaseClock                        build/lib/boards/edu-ciaa-nxp.a(clock_18xx_43xx.o)
                                                  build/lib/boards/edu-ciaa-nxp.a(chip_18xx_43xx.o)
Chip_Clock_EnableCrystal                          build/lib/boards/edu-ciaa-nxp.a(clock_18xx_43xx.o)
                                                  build/lib/boards/edu-ciaa-nxp.a(sysinit_18xx_43xx.o)
Chip_Clock_EnableOpts                             build/lib/boards/edu-ciaa-nxp.a(clock_18xx_43xx.o)
                                                  build/lib/boards/edu-ciaa-nxp.a(uart_18xx_43xx.o)
                                                  build/lib/boards/edu-ciaa-nxp.a(chip_18xx_43xx.o)
                                                  build/lib/boards/edu-ciaa-nxp.a(adc_18xx_43xx.o)
Chip_Clock_EnablePLL                              build/lib/boards/edu-ciaa-nxp.a(clock_18xx_43xx.o)
                                                  build/lib/boards/edu-ciaa-nxp.a(chip_18xx_43xx.o)
Chip_Clock_GetBaseClock                           build/lib/boards/edu-ciaa-nxp.a(clock_18xx_43xx.o)
Chip_Clock_GetBaseClockOpts                       build/lib/boards/edu-ciaa-nxp.a(clock_18xx_43xx.o)
Chip_Clock_GetBaseClocktHz                        build/lib/boards/edu-ciaa-nxp.a(clock_18xx_43xx.o)
Chip_Clock_GetClockInputHz                        build/lib/boards/edu-ciaa-nxp.a(clock_18xx_43xx.o)
                                                  build/lib/boards/edu-ciaa-nxp.a(chip_18xx_43xx.o)
Chip_Clock_GetDividerDivisor                      build/lib/boards/edu-ciaa-nxp.a(clock_18xx_43xx.o)
Chip_Clock_GetDividerSource                       build/lib/boards/edu-ciaa-nxp.a(clock_18xx_43xx.o)
Chip_Clock_GetEMCRate                             build/lib/boards/edu-ciaa-nxp.a(clock_18xx_43xx.o)
Chip_Clock_GetMainPLLHz                           build/lib/boards/edu-ciaa-nxp.a(clock_18xx_43xx.o)
Chip_Clock_GetPLLStatus                           build/lib/boards/edu-ciaa-nxp.a(clock_18xx_43xx.o)
                                                  build/lib/boards/edu-ciaa-nxp.a(chip_18xx_43xx.o)
Chip_Clock_GetRate                                build/lib/boards/edu-ciaa-nxp.a(clock_18xx_43xx.o)
                                                  build/lib/boards/edu-ciaa-nxp.a(uart_18xx_43xx.o)
                                                  build/lib/boards/edu-ciaa-nxp.a(ssp_18xx_43xx.o)
                                                  build/lib/boards/edu-ciaa-nxp.a(i2c_18xx_43xx.o)
                                                  build/lib/boards/edu-ciaa-nxp.a(chip_18xx_43xx.o)
                                                  build/lib/boards/edu-ciaa-nxp.a(adc_18xx_43xx.o)
Chip_Clock_IsBaseClockEnabled                     build/lib/boards/edu-ciaa-nxp.a(clock_18xx_43xx.o)
Chip_Clock_RTCEnable                              build/lib/boards/edu-ciaa-nxp.a(clock_18xx_43xx.o)
Chip_Clock_SetBaseClock                           build/lib/boards/edu-ciaa-nxp.a(clock_18xx_43xx.o)
                                                  build/lib/boards/edu-ciaa-nxp.a(sysinit_18xx_43xx.o)
                                                  build/lib/boards/edu-ciaa-nxp.a(chip_18xx_43xx.o)
                                                  build/lib/boards/edu-ciaa-nxp.a(board_sysinit.o)
Chip_Clock_SetDivider                             build/lib/boards/edu-ciaa-nxp.a(clock_18xx_43xx.o)
                                                  build/lib/boards/edu-ciaa-nxp.a(chip_18xx_43xx.o)
Chip_Clock_SetupMainPLLHz                         build/lib/boards/edu-ciaa-nxp.a(clock_18xx_43xx.o)
Chip_Clock_SetupMainPLLMult                       build/lib/boards/edu-ciaa-nxp.a(clock_18xx_43xx.o)
Chip_Clock_SetupPLL                               build/lib/boards/edu-ciaa-nxp.a(clock_18xx_43xx.o)
                                                  build/lib/boards/edu-ciaa-nxp.a(chip_18xx_43xx.o)
Chip_Clock_StartPowerDown                         build/lib/boards/edu-ciaa-nxp.a(clock_18xx_43xx.o)
Chip_GPIO_DeInit                                  build/lib/boards/edu-ciaa-nxp.a(gpio_18xx_43xx.o)
Chip_GPIO_Init                                    build/lib/boards/edu-ciaa-nxp.a(gpio_18xx_43xx.o)
                                                  build/lib/boards/edu-ciaa-nxp.a(board_lpcopen.o)
Chip_I2C_DeInit                                   build/lib/boards/edu-ciaa-nxp.a(i2c_18xx_43xx.o)
Chip_I2C_Disable                                  build/lib/boards/edu-ciaa-nxp.a(i2c_18xx_43xx.o)
Chip_I2C_EventHandler                             build/lib/boards/edu-ciaa-nxp.a(i2c_18xx_43xx.o)
Chip_I2C_EventHandlerPolling                      build/lib/boards/edu-ciaa-nxp.a(i2c_18xx_43xx.o)
Chip_I2C_GetClockRate                             build/lib/boards/edu-ciaa-nxp.a(i2c_18xx_43xx.o)
Chip_I2C_GetMasterEventHandler                    build/lib/boards/edu-ciaa-nxp.a(i2c_18xx_43xx.o)
Chip_I2C_Init                                     build/lib/boards/edu-ciaa-nxp.a(i2c_18xx_43xx.o)
                                                  build/lib/boards/edu-ciaa-nxp.a(board_lpcopen.o)
Chip_I2C_IsMasterActive                           build/lib/boards/edu-ciaa-nxp.a(i2c_18xx_43xx.o)
Chip_I2C_IsStateChanged                           build/lib/boards/edu-ciaa-nxp.a(i2c_18xx_43xx.o)
Chip_I2C_MasterCmdRead                            build/lib/boards/edu-ciaa-nxp.a(i2c_18xx_43xx.o)
Chip_I2C_MasterRead                               build/lib/boards/edu-ciaa-nxp.a(i2c_18xx_43xx.o)
Chip_I2C_MasterSend                               build/lib/boards/edu-ciaa-nxp.a(i2c_18xx_43xx.o)
Chip_I2C_MasterStateHandler                       build/lib/boards/edu-ciaa-nxp.a(i2c_18xx_43xx.o)
Chip_I2C_MasterTransfer                           build/lib/boards/edu-ciaa-nxp.a(i2c_18xx_43xx.o)
Chip_I2C_SetClockRate                             build/lib/boards/edu-ciaa-nxp.a(i2c_18xx_43xx.o)
                                                  build/lib/boards/edu-ciaa-nxp.a(board_lpcopen.o)
Chip_I2C_SetMasterEventHandler                    build/lib/boards/edu-ciaa-nxp.a(i2c_18xx_43xx.o)
Chip_I2C_SlaveSetup                               build/lib/boards/edu-ciaa-nxp.a(i2c_18xx_43xx.o)
Chip_I2C_SlaveStateHandler                        build/lib/boards/edu-ciaa-nxp.a(i2c_18xx_43xx.o)
Chip_SSP_DeInit                                   build/lib/boards/edu-ciaa-nxp.a(ssp_18xx_43xx.o)
Chip_SSP_Init                                     build/lib/boards/edu-ciaa-nxp.a(ssp_18xx_43xx.o)
                                                  build/lib/boards/edu-ciaa-nxp.a(board_lpcopen.o)
Chip_SSP_Int_FlushData                            build/lib/boards/edu-ciaa-nxp.a(ssp_18xx_43xx.o)
Chip_SSP_Int_RWFrames16Bits                       build/lib/boards/edu-ciaa-nxp.a(ssp_18xx_43xx.o)
Chip_SSP_Int_RWFrames8Bits                        build/lib/boards/edu-ciaa-nxp.a(ssp_18xx_43xx.o)
Chip_SSP_RWFrames_Blocking                        build/lib/boards/edu-ciaa-nxp.a(ssp_18xx_43xx.o)
Chip_SSP_ReadFrames_Blocking                      build/lib/boards/edu-ciaa-nxp.a(ssp_18xx_43xx.o)
Chip_SSP_SetBitRate                               build/lib/boards/edu-ciaa-nxp.a(ssp_18xx_43xx.o)
                                                  build/lib/boards/edu-ciaa-nxp.a(board_lpcopen.o)
Chip_SSP_SetClockRate                             build/lib/boards/edu-ciaa-nxp.a(ssp_18xx_43xx.o)
Chip_SSP_SetMaster                                build/lib/boards/edu-ciaa-nxp.a(ssp_18xx_43xx.o)
Chip_SSP_WriteFrames_Blocking                     build/lib/boards/edu-ciaa-nxp.a(ssp_18xx_43xx.o)
Chip_SetupCoreClock                               build/lib/boards/edu-ciaa-nxp.a(sysinit_18xx_43xx.o)
                                                  build/lib/boards/edu-ciaa-nxp.a(board_sysinit.o)
Chip_SetupIrcClocking                             build/lib/boards/edu-ciaa-nxp.a(sysinit_18xx_43xx.o)
Chip_SetupXtalClocking                            build/lib/boards/edu-ciaa-nxp.a(sysinit_18xx_43xx.o)
Chip_SystemInit                                   build/lib/boards/edu-ciaa-nxp.a(sysinit_18xx_43xx.o)
Chip_UART_ABCmd                                   build/lib/boards/edu-ciaa-nxp.a(uart_18xx_43xx.o)
Chip_UART_CheckBusy                               build/lib/boards/edu-ciaa-nxp.a(uart_18xx_43xx.o)
Chip_UART_DeInit                                  build/lib/boards/edu-ciaa-nxp.a(uart_18xx_43xx.o)
Chip_UART_GetABEOStatus                           build/lib/boards/edu-ciaa-nxp.a(uart_18xx_43xx.o)
Chip_UART_IRQRBHandler                            build/lib/boards/edu-ciaa-nxp.a(uart_18xx_43xx.o)
Chip_UART_Init                                    build/lib/boards/edu-ciaa-nxp.a(uart_18xx_43xx.o)
                                                  build/lib/boards/edu-ciaa-nxp.a(board_lpcopen.o)
Chip_UART_RXIntHandlerRB                          build/lib/boards/edu-ciaa-nxp.a(uart_18xx_43xx.o)
Chip_UART_Read                                    build/lib/boards/edu-ciaa-nxp.a(uart_18xx_43xx.o)
Chip_UART_ReadBlocking                            build/lib/boards/edu-ciaa-nxp.a(uart_18xx_43xx.o)
Chip_UART_ReadRB                                  build/lib/boards/edu-ciaa-nxp.a(uart_18xx_43xx.o)
Chip_UART_Send                                    build/lib/boards/edu-ciaa-nxp.a(uart_18xx_43xx.o)
Chip_UART_SendBlocking                            build/lib/boards/edu-ciaa-nxp.a(uart_18xx_43xx.o)
Chip_UART_SendRB                                  build/lib/boards/edu-ciaa-nxp.a(uart_18xx_43xx.o)
Chip_UART_SetBaud                                 build/lib/boards/edu-ciaa-nxp.a(uart_18xx_43xx.o)
Chip_UART_SetBaudFDR                              build/lib/boards/edu-ciaa-nxp.a(uart_18xx_43xx.o)
                                                  build/lib/boards/edu-ciaa-nxp.a(board_lpcopen.o)
Chip_UART_TXIntHandlerRB                          build/lib/boards/edu-ciaa-nxp.a(uart_18xx_43xx.o)
Chip_USB0_Init                                    build/lib/boards/edu-ciaa-nxp.a(chip_18xx_43xx.o)
Chip_USB1_Init                                    build/lib/boards/edu-ciaa-nxp.a(chip_18xx_43xx.o)
DebugMon_Handler                                  build/lib/boards/edu-ciaa-nxp.a(armv7m_startup.o)
DigitalOutputActivate                             build/obj/src/digital.o
                                                  build/obj/src/main.o
DigitalOutputAllocate                             build/obj/src/digital.o
DigitalOutputCreate                               build/obj/src/digital.o
                                                  build/obj/src/main.o
DigitalOutputDeactivate                           build/obj/src/digital.o
                                                  build/obj/src/main.o
DigitalOutputToggle                               build/obj/src/digital.o
                                                  build/obj/src/main.o
ExtRateIn                                         build/lib/boards/edu-ciaa-nxp.a(board_lpcopen.o)
                                                  build/lib/boards/edu-ciaa-nxp.a(clock_18xx_43xx.o)
HardFault_Handler                                 build/lib/boards/edu-ciaa-nxp.a(armv7m_startup.o)
MemManage_Handler                                 build/lib/boards/edu-ciaa-nxp.a(armv7m_startup.o)
NMI_Handler                                       build/lib/boards/edu-ciaa-nxp.a(armv7m_startup.o)
OscRateIn                                         build/lib/boards/edu-ciaa-nxp.a(board_lpcopen.o)
                                                  build/lib/boards/edu-ciaa-nxp.a(clock_18xx_43xx.o)
PendSV_Handler                                    build/lib/boards/edu-ciaa-nxp.a(armv7m_startup.o)
Reset_Handler                                     build/lib/boards/edu-ciaa-nxp.a(armv7m_startup.o)
RingBuffer_Init                                   build/lib/boards/edu-ciaa-nxp.a(ring_buffer.o)
RingBuffer_Insert                                 build/lib/boards/edu-ciaa-nxp.a(ring_buffer.o)
                                                  build/lib/boards/edu-ciaa-nxp.a(uart_18xx_43xx.o)
RingBuffer_InsertMult                             build/lib/boards/edu-ciaa-nxp.a(ring_buffer.o)
                                                  build/lib/boards/edu-ciaa-nxp.a(uart_18xx_43xx.o)
RingBuffer_Pop                                    build/lib/boards/edu-ciaa-nxp.a(ring_buffer.o)
                                                  build/lib/boards/edu-ciaa-nxp.a(uart_18xx_43xx.o)
RingBuffer_PopMult                                build/lib/boards/edu-ciaa-nxp.a(ring_buffer.o)
                                                  build/lib/boards/edu-ciaa-nxp.a(uart_18xx_43xx.o)
SVC_Handler                                       build/lib/boards/edu-ciaa-nxp.a(armv7m_startup.o)
SysTick_Handler                                   build/lib/boards/edu-ciaa-nxp.a(armv7m_startup.o)
SystemCoreClock                                   build/lib/boards/edu-ciaa-nxp.a(chip_18xx_43xx.o)
SystemCoreClockUpdate                             build/lib/boards/edu-ciaa-nxp.a(chip_18xx_43xx.o)
                                                  build/lib/boards/edu-ciaa-nxp.a(board_sysinit.o)
SystemInit                                        build/lib/boards/edu-ciaa-nxp.a(sysinit.o)
                                                  build/lib/boards/edu-ciaa-nxp.a(armv7m_startup.o)
UsageFault_Handler                                build/lib/boards/edu-ciaa-nxp.a(armv7m_startup.o)
__aeabi_idiv0                                     /home/pablo/eiti/2022/embebidos/gcc/gcc-arm/bin/../lib/gcc/arm-none-eabi/10.3.1/thumb/v7e-m+fp/softfp/libgcc.a(_dvmd_tls.o)
__aeabi_ldiv0                                     /home/pablo/eiti/2022/embebidos/gcc/gcc-arm/bin/../lib/gcc/arm-none-eabi/10.3.1/thumb/v7e-m+fp/softfp/libgcc.a(_dvmd_tls.o)
                                                  /home/pablo/eiti/2022/embebidos/gcc/gcc-arm/bin/../lib/gcc/arm-none-eabi/10.3.1/thumb/v7e-m+fp/softfp/libgcc.a(_aeabi_uldivmod.o)
__aeabi_uldivmod                                  /home/pablo/eiti/2022/embebidos/gcc/gcc-arm/bin/../lib/gcc/arm-none-eabi/10.3.1/thumb/v7e-m+fp/softfp/libgcc.a(_aeabi_uldivmod.o)
                                                  build/lib/boards/edu-ciaa-nxp.a(uart_18xx_43xx.o)
__bss_section_table_end                           build/lib/boards/edu-ciaa-nxp.a(armv7m_startup.o)
__data_section_table                              build/lib/boards/edu-ciaa-nxp.a(armv7m_startup.o)
__data_section_table_end                          build/lib/boards/edu-ciaa-nxp.a(armv7m_startup.o)
__init_array_end                                  /home/pablo/eiti/2022/embebidos/gcc/gcc-arm/bin/../lib/gcc/arm-none-eabi/10.3.1/../../../../arm-none-eabi/lib/thumb/v7e-m+fp/softfp/libc_nano.a(lib_a-init.o)
__init_array_start                                /home/pablo/eiti/2022/embebidos/gcc/gcc-arm/bin/../lib/gcc/arm-none-eabi/10.3.1/../../../../arm-none-eabi/lib/thumb/v7e-m+fp/softfp/libc_nano.a(lib_a-init.o)
__libc_init_array                                 /home/pablo/eiti/2022/embebidos/gcc/gcc-arm/bin/../lib/gcc/arm-none-eabi/10.3.1/../../../../arm-none-eabi/lib/thumb/v7e-m+fp/softfp/libc_nano.a(lib_a-init.o)
                                                  build/lib/boards/edu-ciaa-nxp.a(armv7m_startup.o)
__preinit_array_end                               /home/pablo/eiti/2022/embebidos/gcc/gcc-arm/bin/../lib/gcc/arm-none-eabi/10.3.1/../../../../arm-none-eabi/lib/thumb/v7e-m+fp/softfp/libc_nano.a(lib_a-init.o)
__preinit_array_start                             /home/pablo/eiti/2022/embebidos/gcc/gcc-arm/bin/../lib/gcc/arm-none-eabi/10.3.1/../../../../arm-none-eabi/lib/thumb/v7e-m+fp/softfp/libc_nano.a(lib_a-init.o)
__stdio_getchar                                   build/lib/boards/edu-ciaa-nxp.a(board_lpcopen.o)
__stdio_init                                      build/lib/boards/edu-ciaa-nxp.a(board_lpcopen.o)
__stdio_putchar                                   build/lib/boards/edu-ciaa-nxp.a(board_lpcopen.o)
__udivmoddi4                                      /home/pablo/eiti/2022/embebidos/gcc/gcc-arm/bin/../lib/gcc/arm-none-eabi/10.3.1/thumb/v7e-m+fp/softfp/libgcc.a(_udivmoddi4.o)
                                                  /home/pablo/eiti/2022/embebidos/gcc/gcc-arm/bin/../lib/gcc/arm-none-eabi/10.3.1/thumb/v7e-m+fp/softfp/libgcc.a(_aeabi_uldivmod.o)
__valid_user_code_checksum                        build/lib/boards/edu-ciaa-nxp.a(armv7m_startup.o)
_fini                                             build/lib/boards/edu-ciaa-nxp.a(armv7m_startup.o)
_init                                             build/lib/boards/edu-ciaa-nxp.a(armv7m_startup.o)
                                                  /home/pablo/eiti/2022/embebidos/gcc/gcc-arm/bin/../lib/gcc/arm-none-eabi/10.3.1/../../../../arm-none-eabi/lib/thumb/v7e-m+fp/softfp/libc_nano.a(lib_a-init.o)
_vStackTop                                        build/lib/boards/edu-ciaa-nxp.a(armv7m_startup.o)
bss_init                                          build/lib/boards/edu-ciaa-nxp.a(armv7m_startup.o)
data_init                                         build/lib/boards/edu-ciaa-nxp.a(armv7m_startup.o)
g_pfnVectors                                      build/lib/boards/edu-ciaa-nxp.a(armv7m_startup.o)
                                                  build/lib/boards/edu-ciaa-nxp.a(sysinit.o)
getSlaveIndex                                     build/lib/boards/edu-ciaa-nxp.a(i2c_18xx_43xx.o)
handleMasterXferState                             build/lib/boards/edu-ciaa-nxp.a(i2c_18xx_43xx.o)
handleSlaveXferState                              build/lib/boards/edu-ciaa-nxp.a(i2c_18xx_43xx.o)
initialise_monitor_handles                        build/lib/boards/edu-ciaa-nxp.a(armv7m_startup.o)
main                                              build/obj/src/main.o
                                                  build/lib/boards/edu-ciaa-nxp.a(armv7m_startup.o)
memcpy                                            /home/pablo/eiti/2022/embebidos/gcc/gcc-arm/bin/../lib/gcc/arm-none-eabi/10.3.1/../../../../arm-none-eabi/lib/thumb/v7e-m+fp/softfp/libc_nano.a(lib_a-memcpy-stub.o)
                                                  build/lib/boards/edu-ciaa-nxp.a(ring_buffer.o)
memset                                            /home/pablo/eiti/2022/embebidos/gcc/gcc-arm/bin/../lib/gcc/arm-none-eabi/10.3.1/../../../../arm-none-eabi/lib/thumb/v7e-m+fp/softfp/libc_nano.a(lib_a-memset.o)
                                                  build/lib/boards/edu-ciaa-nxp.a(clock_18xx_43xx.o)
readAdcVal                                        build/lib/boards/edu-ciaa-nxp.a(adc_18xx_43xx.o)
setStartMode                                      build/lib/boards/edu-ciaa-nxp.a(adc_18xx_43xx.o)
